[managewise.framer.website/index.html]
[backblue.gif]
[fade.gif]
[index.html]
[framerusercontent.com/images/H57U8acxeghRgv1iXiICEMRmffw.png]
[framerusercontent.com/images/rQLEj5WmZLbyXdI9sBPwCnmMNA.jpg]
[framerusercontent.com/images/tgELERqZ0nObn14bTi418qTbg17f5.png]
[framerusercontent.com/images/MwRbsJrk7ItYxeL7mKvPzrq3g.png]
[framerusercontent.com/images/t9qCSNfZSNdBCMSiohCGNEIl4.jpg]
[framerusercontent.com/images/qJeaFhSmQ29M1S55GRW5kYb4.png]
[framerusercontent.com/images/LFrHT3kBfxtMGAZfWkyLvYAKsbg.png]
[framerusercontent.com/images/p65qwfjd0cd0ZHZoNFpsh7XU.png]
[framerusercontent.com/images/FaY6aekE67ytWg6HDfDpy2FaHY.png]
[framerusercontent.com/images/sQd7MkwgkdQRRQ1a99k5Z1zLfAbf23.png]
[framerusercontent.com/images/OOtXrjMtLK5Xx3QTQXHynwpqYi4.jpg]
[framerusercontent.com/images/mIAsKrgLvd7WbLFFsh6f6YobhSc.jpg]
[framerusercontent.com/images/PIlOZWlmobm4uLtBhKFfw7HS4.jpg]
[framerusercontent.com/images/dgHsIQVrsxRxtadpghDWppPujE.jpg]
[framerusercontent.com/images/584hzJDnWCS5SFABKjaCzgDspY17f5.png]
[framerusercontent.com/images/S4kVG1FFzSqxr8zOqpvJRfsBad0bf23.png]
[managewise.framer.website/index.html]
